Csccon is opening a connection -  telnet waasperf2-cs 2035 
exp_spawn telnet waasperf2-cs 2035
Trying 172.19.147.111...
Connected to waasperf2-cs.cisco.com (172.19.147.111).
Escape character is '^]'.
C
Hostname: waasperf2-cs
Testbed:  waasperf2

FRONT
    Line     Device                         Port
  -------------------------------------------------
  P0       VACANT               (7200)      2034
  P1       waasperf2-72b        (7200)      2035  working
  P2       waasperf2-3825b      (3825)      2036  working
  P3       waasperf2-29a        (2921)      2037  working
  P4       waasperf2-19a        (1941)      2038  working
  P5       VACANT               (2921)      2039
  P6       VACANT               (3945)      2040
  P7       VACANT               (3945)      2041
  -------------------------------------------------
BACK
    Line     Device                         Port
  -------------------------------------------------
  P0       waasperf2-3845c      (3845)      2018 workind new flash
  P1       waasperf2-sw         (7200)      2019 working
  P2       waasperf2-fw         (1900)      2020 working
  P3       waasperf2-800a       (88x)       2021
  P4       Waas application     (512c)      2022 working
  P5       waasperf2-power      (power)     2023 working
  P6       VACANT               (3945)      2024
  P7       VACANT               (3945)      2025
  -------------------------------------------------

waasperf2-72b(boot)#terminal length 0
waasperf2-72b(boot)#config terminal
Enter configuration commands, one per line.  End with CNTL/Z.
waasperf2-72b(boot)(config)#no logging console
waasperf2-72b(boot)(config)#end
waasperf2-72b(boot)#show version
Cisco IOS Software, 7200 Software (C7200P-KBOOT-M), Version 12.4(4)XD5, RELEASE SOFTWARE (fc1)
Technical Support: http://www.cisco.com/techsupport
Copyright (c) 1986-2006 by Cisco Systems, Inc.
Compiled Tue 19-Dec-06 16:07 by alnguyen

ROM: System Bootstrap, Version 12.4(4r)XD5, RELEASE SOFTWARE (fc1)

waasperf2-72b uptime is 8 minutes
System returned to ROM by power-on
System restarted at 14:29:32 PDT Tue Jul 19 2011
System image file is "bootflash:c7200p-kboot-mz.124-4.XD5.bin"

Cisco 7206VXR (NPE-G2) processor (revision A) with 917504K/65536K bytes of memory.
Processor board ID 34850032
MPC7448 CPU at 1666Mhz, Implementation 0, Rev 2.2
6 slot VXR midplane, Version 2.11

Last reset from power-on

PCI bus mb1 (Slots 1, 3 and 5) has a capacity of 600 bandwidth points.
Current configuration on bus mb1 has a total of 0 bandwidth points. 
This configuration is within the PCI bus capacity and is supported. 

PCI bus mb2 (Slots 2, 4 and 6) has a capacity of 600 bandwidth points.
Current configuration on bus mb2 has a total of 300 bandwidth points.
This configuration is within the PCI bus capacity and is supported. 

Please refer to the following document "Cisco 7200 Series Port Adaptor
Hardware Configuration Guidelines" on Cisco.com <http://www.cisco.com>
for c7200 bandwidth points oversubscription and usage guidelines.


1 FastEthernet interface
3 Gigabit Ethernet interfaces
1 ATM interface
2045K bytes of NVRAM.

250880K bytes of ATA PCMCIA card at slot 2 (Sector size 512 bytes).
65536K bytes of Flash internal SIMM (Sector size 512K).
Configuration register is 0x0

waasperf2-72b(boot)#term width 0
waasperf2-72b(boot)#config terminal
Enter configuration commands, one per line.  End with CNTL/Z.
waasperf2-72b(boot)(config)# no logging console
waasperf2-72b(boot)(config)#line con 0
waasperf2-72b(boot)(config-line)#exec-timeout 0
waasperf2-72b(boot)(config-line)#clock timezone PDT -7
waasperf2-72b(boot)(config)#service timestamps debug datetime localtime show-timezone msec
waasperf2-72b(boot)(config)#service timestamps log datetime localtime show-timezone msec
waasperf2-72b(boot)(config)#end
waasperf2-72b(boot)#clock set 14:38:17 19 Jul 2011
waasperf2-72b(boot)#Csccon is opening a connection -  telnet waasperf2-cs 2036 
exp_spawn telnet waasperf2-cs 2036
Trying 172.19.147.111...
Connected to waasperf2-cs.cisco.com (172.19.147.111).
Escape character is '^]'.
C
Hostname: waasperf2-cs
Testbed:  waasperf2

FRONT
    Line     Device                         Port
  -------------------------------------------------
  P0       VACANT               (7200)      2034
  P1       waasperf2-72b        (7200)      2035  working
  P2       waasperf2-3825b      (3825)      2036  working
  P3       waasperf2-29a        (2921)      2037  working
  P4       waasperf2-19a        (1941)      2038  working
  P5       VACANT               (2921)      2039
  P6       VACANT               (3945)      2040
  P7       VACANT               (3945)      2041
  -------------------------------------------------
BACK
    Line     Device                         Port
  -------------------------------------------------
  P0       waasperf2-3845c      (3845)      2018 workind new flash
  P1       waasperf2-sw         (7200)      2019 working
  P2       waasperf2-fw         (1900)      2020 working
  P3       waasperf2-800a       (88x)       2021
  P4       Waas application     (512c)      2022 working
  P5       waasperf2-power      (power)     2023 working
  P6       VACANT               (3945)      2024
  P7       VACANT               (3945)      2025
  -------------------------------------------------

waasperf2-3825b#terminal length 0
waasperf2-3825b#config terminal
Enter configuration commands, one per line.  End with CNTL/Z.
waasperf2-3825b(config)#no logging console
waasperf2-3825b(config)#end
waasperf2-3825b#show version
Cisco IOS Software, 3800 Software (C3825-ADVENTERPRISEK9-M), Version 12.4(24)T1, RELEASE SOFTWARE (fc3)
Technical Support: http://www.cisco.com/techsupport
Copyright (c) 1986-2009 by Cisco Systems, Inc.
Compiled Fri 19-Jun-09 18:40 by prod_rel_team

ROM: System Bootstrap, Version 12.3(11r)T2, RELEASE SOFTWARE (fc1)

waasperf2-3825b uptime is 16 minutes
System returned to ROM by power-on
System restarted at 13:22:03 PDT Tue Jul 19 2011
System image file is "flash:c3825-adventerprisek9-mz.124-24.T1"


This product contains cryptographic features and is subject to United
States and local country laws governing import, export, transfer and
use. Delivery of Cisco cryptographic products does not imply
third-party authority to import, export, distribute or use encryption.
Importers, exporters, distributors and users are responsible for
compliance with U.S. and local country laws. By using this product you
agree to comply with applicable laws and regulations. If you are unable
to comply with U.S. and local laws, return this product immediately.

A summary of U.S. laws governing Cisco cryptographic products may be found at:
http://www.cisco.com/wwl/export/crypto/tool/stqrg.html

If you require further assistance please contact us by sending email to
export@cisco.com.

Cisco 3825 (revision 1.0) with 1006591K/41984K bytes of memory.
Processor board ID FTX1003C1WH
2 FastEthernet interfaces
2 Gigabit Ethernet interfaces
8 Serial(sync/async) interfaces
1 Virtual Private Network (VPN) Module
DRAM configuration is 64 bits wide with parity enabled.
479K bytes of NVRAM.
250368K bytes of ATA System CompactFlash (Read/Write)

Configuration register is 0x0

waasperf2-3825b#term width 0
waasperf2-3825b#config terminal
Enter configuration commands, one per line.  End with CNTL/Z.
waasperf2-3825b(config)# no logging console
waasperf2-3825b(config)#line con 0
waasperf2-3825b(config-line)#exec-timeout 0
waasperf2-3825b(config-line)#clock timezone PDT -7
waasperf2-3825b(config)#service timestamps debug datetime localtime show-timezone msec
waasperf2-3825b(config)#service timestamps log datetime localtime show-timezone msec
waasperf2-3825b(config)#end
waasperf2-3825b#clock set 14:38:21 19 Jul 2011
waasperf2-3825b#Csccon is opening a connection -  telnet waasperf2-cs 2037 
exp_spawn telnet waasperf2-cs 2037
Trying 172.19.147.111...
Connected to waasperf2-cs.cisco.com (172.19.147.111).
Escape character is '^]'.
C
Hostname: waasperf2-cs
Testbed:  waasperf2

FRONT
    Line     Device                         Port
  -------------------------------------------------
  P0       VACANT               (7200)      2034
  P1       waasperf2-72b        (7200)      2035  working
  P2       waasperf2-3825b      (3825)      2036  working
  P3       waasperf2-29a        (2921)      2037  working
  P4       waasperf2-19a        (1941)      2038  working
  P5       VACANT               (2921)      2039
  P6       VACANT               (3945)      2040
  P7       VACANT               (3945)      2041
  -------------------------------------------------
BACK
    Line     Device                         Port
  -------------------------------------------------
  P0       waasperf2-3845c      (3845)      2018 workind new flash
  P1       waasperf2-sw         (7200)      2019 working
  P2       waasperf2-fw         (1900)      2020 working
  P3       waasperf2-800a       (88x)       2021
  P4       Waas application     (512c)      2022 working
  P5       waasperf2-power      (power)     2023 working
  P6       VACANT               (3945)      2024
  P7       VACANT               (3945)      2025
  -------------------------------------------------

waasperf2-29a#terminal length 0
waasperf2-29a#config terminal
Enter configuration commands, one per line.  End with CNTL/Z.
waasperf2-29a(config)#no logging console
waasperf2-29a(config)#end
waasperf2-29a#show version
Cisco IOS Software, C2900 Software (C2900-UNIVERSALK9-M), Version 15.0(1)M4, RELEASE SOFTWARE (fc1)
Technical Support: http://www.cisco.com/techsupport
Copyright (c) 1986-2010 by Cisco Systems, Inc.
Compiled Thu 28-Oct-10 18:32 by prod_rel_team

ROM: System Bootstrap, Version 15.0(1r)M9, RELEASE SOFTWARE (fc1)

waasperf2-29a uptime is 1 week, 6 days, 1 hour, 2 minutes
System returned to ROM by power-on
System restarted at 13:35:26 PDT Wed Jul 6 2011
System image file is "flash0:c2900-universalk9-mz.SPA.150-1.M4.bin"
Last reload type: Normal Reload


This product contains cryptographic features and is subject to United
States and local country laws governing import, export, transfer and
use. Delivery of Cisco cryptographic products does not imply
third-party authority to import, export, distribute or use encryption.
Importers, exporters, distributors and users are responsible for
compliance with U.S. and local country laws. By using this product you
agree to comply with applicable laws and regulations. If you are unable
to comply with U.S. and local laws, return this product immediately.

A summary of U.S. laws governing Cisco cryptographic products may be found at:
http://www.cisco.com/wwl/export/crypto/tool/stqrg.html

If you require further assistance please contact us by sending email to
export@cisco.com.

Cisco CISCO2921/K9 (revision 1.0) with 2580479K/40960K bytes of memory.
Processor board ID FTX1504AHQX
3 Gigabit Ethernet interfaces
4 Serial(sync/async) interfaces
DRAM configuration is 64 bits wide with parity enabled.
255K bytes of non-volatile configuration memory.
1000944K bytes of ATA System CompactFlash 0 (Read/Write)


License Info:

License UDI:

-------------------------------------------------
Device#	  PID			SN
-------------------------------------------------
*0  	  CISCO2921/K9          FTX1504AHQX     



Technology Package License Information for Module:'c2900' 

----------------------------------------------------------------
Technology    Technology-package          Technology-package
              Current       Type          Next reboot  
-----------------------------------------------------------------
ipbase        ipbasek9      Permanent     ipbasek9
security      None          None          None
uc            None          None          None
data          None          None          None

Configuration register is 0x2142

waasperf2-29a#term width 0
waasperf2-29a#config terminal
Enter configuration commands, one per line.  End with CNTL/Z.
waasperf2-29a(config)# no logging console
waasperf2-29a(config)#line con 0
waasperf2-29a(config-line)#exec-timeout 0
waasperf2-29a(config-line)#clock timezone PDT -7
waasperf2-29a(config)#service timestamps debug datetime localtime show-timezone msec
waasperf2-29a(config)#service timestamps log datetime localtime show-timezone msec
waasperf2-29a(config)#end
waasperf2-29a#clock set 14:38:27 19 Jul 2011
waasperf2-29a#Csccon is opening a connection -  telnet waasperf2-cs 2038 
exp_spawn telnet waasperf2-cs 2038
Trying 172.19.147.111...
Connected to waasperf2-cs.cisco.com (172.19.147.111).
Escape character is '^]'.
C
Hostname: waasperf2-cs
Testbed:  waasperf2

FRONT
    Line     Device                         Port
  -------------------------------------------------
  P0       VACANT               (7200)      2034
  P1       waasperf2-72b        (7200)      2035  working
  P2       waasperf2-3825b      (3825)      2036  working
  P3       waasperf2-29a        (2921)      2037  working
  P4       waasperf2-19a        (1941)      2038  working
  P5       VACANT               (2921)      2039
  P6       VACANT               (3945)      2040
  P7       VACANT               (3945)      2041
  -------------------------------------------------
BACK
    Line     Device                         Port
  -------------------------------------------------
  P0       waasperf2-3845c      (3845)      2018 workind new flash
  P1       waasperf2-sw         (7200)      2019 working
  P2       waasperf2-fw         (1900)      2020 working
  P3       waasperf2-800a       (88x)       2021
  P4       Waas application     (512c)      2022 working
  P5       waasperf2-power      (power)     2023 working
  P6       VACANT               (3945)      2024
  P7       VACANT               (3945)      2025
  -------------------------------------------------

waasperf2-19a#terminal length 0
waasperf2-19a#config terminal
Enter configuration commands, one per line.  End with CNTL/Z.
waasperf2-19a(config)#no logging console
waasperf2-19a(config)#end
waasperf2-19a#show version
Cisco IOS Software, C1900 Software (C1900-UNIVERSALK9-M), Version 15.2(LAKECOMO_DT8_20110707), EARLY DEPLOYMENT DEVELOPMENT BUILD, synced to V152_0_14_T
Copyright (c) 1986-2011 by Cisco Systems, Inc.
Compiled Thu 07-Jul-11 13:10 by suneetha

ROM: System Bootstrap, Version 15.0(1r)M3, RELEASE SOFTWARE (fc1)

waasperf2-19a uptime is 1 hour, 35 minutes
System returned to ROM by reload at 12:58:57 PDT Tue Jul 19 2011
System restarted at 12:02:52 PDT Tue Jul 19 2011
System image file is "tftp://172.19.201.81//auto/tftp-joaofer/waas/testing/c1900-universalk9-mz.SSA07-07-1"
Last reload type: Normal Reload
Last reload reason: Reload Command



This product contains cryptographic features and is subject to United
States and local country laws governing import, export, transfer and
use. Delivery of Cisco cryptographic products does not imply
third-party authority to import, export, distribute or use encryption.
Importers, exporters, distributors and users are responsible for
compliance with U.S. and local country laws. By using this product you
agree to comply with applicable laws and regulations. If you are unable
to comply with U.S. and local laws, return this product immediately.

A summary of U.S. laws governing Cisco cryptographic products may be found at:
http://www.cisco.com/wwl/export/crypto/tool/stqrg.html

If you require further assistance please contact us by sending email to
export@cisco.com.

Cisco CISCO1941/K9 (revision 1.0) with 2506688K/114688K bytes of memory.
Processor board ID FTX140582T9
2 Gigabit Ethernet interfaces
2 Serial(sync/async) interfaces
1 terminal line
1 Virtual Private Network (VPN) Module
DRAM configuration is 64 bits wide with parity disabled.
255K bytes of non-volatile configuration memory.
4099032K bytes of ATA System CompactFlash 0 (Read/Write)


License Info:

License UDI:

-------------------------------------------------
Device#	  PID			SN
-------------------------------------------------
*0  	  CISCO1941/K9          FTX140582T9     



Technology Package License Information for Module:'c1900' 

-----------------------------------------------------------------
Technology    Technology-package           Technology-package
              Current       Type           Next reboot  
------------------------------------------------------------------
ipbase        ipbasek9      Permanent      ipbasek9
security      securityk9    Permanent      securityk9
data          None          None           None

Configuration register is 0x0

waasperf2-19a#term width 0
waasperf2-19a#config terminal
Enter configuration commands, one per line.  End with CNTL/Z.
waasperf2-19a(config)# no logging console
waasperf2-19a(config)#line con 0
waasperf2-19a(config-line)#exec-timeout 0
waasperf2-19a(config-line)#clock timezone PDT -7
waasperf2-19a(config)#service timestamps debug datetime localtime show-timezone msec
waasperf2-19a(config)#service timestamps log datetime localtime show-timezone msec
waasperf2-19a(config)#end
waasperf2-19a#clock set 14:38:32 19 Jul 2011
waasperf2-19a#Csccon is opening a connection -  telnet waasperf2-cs 2018 
exp_spawn telnet waasperf2-cs 2018
Trying 172.19.147.111...
Connected to waasperf2-cs.cisco.com (172.19.147.111).
Escape character is '^]'.
C
Hostname: waasperf2-cs
Testbed:  waasperf2

FRONT
    Line     Device                         Port
  -------------------------------------------------
  P0       VACANT               (7200)      2034
  P1       waasperf2-72b        (7200)      2035  working
  P2       waasperf2-3825b      (3825)      2036  working
  P3       waasperf2-29a        (2921)      2037  working
  P4       waasperf2-19a        (1941)      2038  working
  P5       VACANT               (2921)      2039
  P6       VACANT               (3945)      2040
  P7       VACANT               (3945)      2041
  -------------------------------------------------
BACK
    Line     Device                         Port
  -------------------------------------------------
  P0       waasperf2-3845c      (3845)      2018 workind new flash
  P1       waasperf2-sw         (7200)      2019 working
  P2       waasperf2-fw         (1900)      2020 working
  P3       waasperf2-800a       (88x)       2021
  P4       Waas application     (512c)      2022 working
  P5       waasperf2-power      (power)     2023 working
  P6       VACANT               (3945)      2024
  P7       VACANT               (3945)      2025
  -------------------------------------------------

waasperf2-3845c#terminal length 0
waasperf2-3845c#config terminal
Enter configuration commands, one per line.  End with CNTL/Z.
waasperf2-3845c(config)#no logging console
waasperf2-3845c(config)#end
waasperf2-3845c#show version
Cisco IOS Software, 3800 Software (C3845-ADVSECURITYK9-M), Version 15.1(4)M0.1, MAINTENANCE INTERIM SOFTWARE
Technical Support: http://www.cisco.com/techsupport
Copyright (c) 1986-2011 by Cisco Systems, Inc.
Compiled Sun 10-Apr-11 13:47 by prod_rel_team

ROM: System Bootstrap, Version 12.4(13r)T11, RELEASE SOFTWARE (fc1)

waasperf2-3845c uptime is 1 day, 14 hours, 32 minutes
System returned to ROM by reload at 00:01:32 PDT Mon Jul 18 2011
System restarted at 23:06:37 PDT Sun Jul 17 2011
System image file is "tftp://172.19.201.81//auto/tftp-joaofer/waas/testing/c3845-advsecurityk9"
Last reload type: Normal Reload


This product contains cryptographic features and is subject to United
States and local country laws governing import, export, transfer and
use. Delivery of Cisco cryptographic products does not imply
third-party authority to import, export, distribute or use encryption.
Importers, exporters, distributors and users are responsible for
compliance with U.S. and local country laws. By using this product you
agree to comply with applicable laws and regulations. If you are unable
to comply with U.S. and local laws, return this product immediately.

A summary of U.S. laws governing Cisco cryptographic products may be found at:
http://www.cisco.com/wwl/export/crypto/tool/stqrg.html

If you require further assistance please contact us by sending email to
export@cisco.com.

Cisco 3845 (revision 1.0) with 1007616K/40960K bytes of memory.
Processor board ID FTX1340AJJT
2 FastEthernet interfaces
2 Gigabit Ethernet interfaces
1 Virtual Private Network (VPN) Module
DRAM configuration is 64 bits wide with parity enabled.
479K bytes of NVRAM.
62720K bytes of ATA System CompactFlash (Read/Write)


License Info:

License UDI:

-------------------------------------------------
Device#	  PID			SN
-------------------------------------------------
*0  	  CISCO3845-MB          FOC13374FEZ     



Configuration register is 0x0

waasperf2-3845c#term width 0
waasperf2-3845c#config terminal
Enter configuration commands, one per line.  End with CNTL/Z.
waasperf2-3845c(config)# no logging console
waasperf2-3845c(config)#line con 0
waasperf2-3845c(config-line)#exec-timeout 0
waasperf2-3845c(config-line)#clock timezone PDT -7
waasperf2-3845c(config)#service timestamps debug datetime localtime show-timezone msec
waasperf2-3845c(config)#service timestamps log datetime localtime show-timezone msec
waasperf2-3845c(config)#end
waasperf2-3845c#clock set 14:38:37 19 Jul 2011
waasperf2-3845c#Csccon is opening a connection -  telnet waasperf2-cs 2022 
exp_spawn telnet waasperf2-cs 2022
Trying 172.19.147.111...
Connected to waasperf2-cs.cisco.com (172.19.147.111).
Escape character is '^]'.
C
Hostname: waasperf2-cs
Testbed:  waasperf2

FRONT
    Line     Device                         Port
  -------------------------------------------------
  P0       VACANT               (7200)      2034
  P1       waasperf2-72b        (7200)      2035  working
  P2       waasperf2-3825b      (3825)      2036  working
  P3       waasperf2-29a        (2921)      2037  working
  P4       waasperf2-19a        (1941)      2038  working
  P5       VACANT               (2921)      2039
  P6       VACANT               (3945)      2040
  P7       VACANT               (3945)      2041
  -------------------------------------------------
BACK
    Line     Device                         Port
  -------------------------------------------------
  P0       waasperf2-3845c      (3845)      2018 workind new flash
  P1       waasperf2-sw         (7200)      2019 working
  P2       waasperf2-fw         (1900)      2020 working
  P3       waasperf2-800a       (88x)       2021
  P4       Waas application     (512c)      2022 working
  P5       waasperf2-power      (power)     2023 working
  P6       VACANT               (3945)      2024
  P7       VACANT               (3945)      2025
  -------------------------------------------------

waasperf2-waas(config)#end
waasperf2-waas#terminal length 0
waasperf2-waas#config terminal
waasperf2-waas(config)#no logging console
waasperf2-waas(config)#end
waasperf2-waas#show version
Cisco Wide Area Application Services Software (WAAS)
Copyright (c) 1999-2011 by Cisco Systems, Inc.
Cisco Wide Area Application Services (universal-k9) Software Release 4.4.0 (build b168 May 16 2011) 
Version: oe512-4.4.0.168

Compiled 21:48:18 May 16 2011 by damaster

Device Id: 00:1a:64:f2:3a:9f
System was restarted on Wed Jul  6 11:11:23 2011.
The system has been up for 1 week, 6 days, 3 hours, 50 seconds.

waasperf2-waas#Csccon is matching platform to get platform info...Csccon is matching ^(.+) \(revision.+\) to get platform info...config terminal
waasperf2-waas(config)# no logging console
waasperf2-waas(config)#line con 0
                                ^
% Invalid input detected at '^' marker.
waasperf2-waas(config)#exec-timeout 0
waasperf2-waas(config)#clock timezone PDT -7
Custom Timezone: PDT will be used.
waasperf2-waas(config)#service timestamps debug datetime localtime show-timezon$etime localtime show-timezone                           msec                                   service timestamps debug datetime localtime show-timezon$etime localtime show-timezone                           msec                                   service timestamps debug datetime localtime show-timezon$etime localtime show-timezone                           msecendservice timestamps debug datetime localtime show-timezo$
                        ^
% Invalid input detected at '^' marker.
waasperf2-waas(config)#
waasperf2-waas(config)#
waasperf2-waas(config)#
+++ 14:44:12 waasperf2-72b config +++
config terminal
Enter configuration commands, one per line.  End with CNTL/Z.
waasperf2-72b(boot)(config)#hostname waasperf2-72b
waasperf2-72b(boot)(config)#enable password lab
waasperf2-72b(boot)(config)#no ip domain-lookup
waasperf2-72b(boot)(config)#no ip routing
no ip routing
       ^
% Invalid input detected at '^' marker.

waasperf2-72b(boot)(config)#ip default-gateway 10.1.1.1
waasperf2-72b(boot)(config)#service timestamps debug datetime msec localtime
waasperf2-72b(boot)(config)#no service config
waasperf2-72b(boot)(config)#clock timezone PST -8
waasperf2-72b(boot)(config)#clock summer-time PDT recurring
waasperf2-72b(boot)(config)#interface GigabitEthernet0/1
waasperf2-72b(boot)(config-if)#no ip address
waasperf2-72b(boot)(config-if)#shutdown
waasperf2-72b(boot)(config-if)#end
waasperf2-72b(boot)#
--- 14:44:14 ---

+++ 14:44:14 waasperf2-3825b config +++
config terminal
Enter configuration commands, one per line.  End with CNTL/Z.
waasperf2-3825b(config)#hostname waasperf2-3825b
waasperf2-3825b(config)#enable password lab
waasperf2-3825b(config)#no ip domain-lookup
waasperf2-3825b(config)#no ip routing
waasperf2-3825b(config)#ip host PAGENT-SECURITY-V3 39.36.92.50 97.25.0.0
waasperf2-3825b(config)#ip default-gateway 10.1.1.1
waasperf2-3825b(config)#service timestamps debug datetime msec localtime
waasperf2-3825b(config)#no service config
waasperf2-3825b(config)#clock timezone PST -8
waasperf2-3825b(config)#clock summer-time PDT recurring
waasperf2-3825b(config)#interface GigabitEthernet0/1
waasperf2-3825b(config-if)#no ip address
waasperf2-3825b(config-if)#duplex full
waasperf2-3825b(config-if)#interface GigabitEthernet0/2
interface GigabitEthernet0/2
                           ^
% Invalid input detected at '^' marker.

waasperf2-3825b(config)#no ip address
no ip address
% Incomplete command.

waasperf2-3825b(config)#duplex full
duplex full
 ^
% Invalid input detected at '^' marker.

waasperf2-3825b(config)#end
waasperf2-3825b#
--- 14:44:16 ---

+++ 14:44:16 waasperf2-29a config +++
config terminal
Enter configuration commands, one per line.  End with CNTL/Z.
waasperf2-29a(config)#hostname waasperf2-29a
waasperf2-29a(config)#enable password lab
waasperf2-29a(config)#no ip domain-lookup
waasperf2-29a(config)#no ip routing
waasperf2-29a(config)#ip default-gateway 10.1.1.1
waasperf2-29a(config)#service timestamps debug datetime msec localtime
waasperf2-29a(config)#no service config
waasperf2-29a(config)#clock timezone PST -8
waasperf2-29a(config)#clock summer-time PDT recurring
waasperf2-29a(config)#interface GigabitEthernet0/0
waasperf2-29a(config-if)#no ip address
waasperf2-29a(config-if)#shutdown
waasperf2-29a(config-if)#end
waasperf2-29a#
--- 14:44:17 ---

+++ 14:44:17 waasperf2-19a config +++
config terminal
Enter configuration commands, one per line.  End with CNTL/Z.
waasperf2-19a(config)#hostname waasperf2-19a
waasperf2-19a(config)#enable password lab
waasperf2-19a(config)#no ip domain-lookup
waasperf2-19a(config)#no ip routing
waasperf2-19a(config)#ip default-gateway 10.1.1.1
waasperf2-19a(config)#service timestamps debug datetime msec localtime
waasperf2-19a(config)#no service config
waasperf2-19a(config)#clock timezone PST -8
waasperf2-19a(config)#clock summer-time PDT recurring
waasperf2-19a(config)#interface GigabitEthernet0/0
waasperf2-19a(config-if)#no ip address
waasperf2-19a(config-if)#shutdown
waasperf2-19a(config-if)#end
waasperf2-19a#
--- 14:44:19 ---

+++ 14:44:19 waasperf2-3845c config +++
config terminal
Enter configuration commands, one per line.  End with CNTL/Z.
waasperf2-3845c(config)#hostname waasperf2-3845c
waasperf2-3845c(config)#enable password lab
waasperf2-3845c(config)#no ip domain-lookup
waasperf2-3845c(config)#no ip routing
waasperf2-3845c(config)#ip default-gateway 10.1.1.1
waasperf2-3845c(config)#service timestamps debug datetime msec localtime
waasperf2-3845c(config)#no service config
waasperf2-3845c(config)#clock timezone PST -8
waasperf2-3845c(config)#clock summer-time PDT recurring
waasperf2-3845c(config)#interface FastEthernet1/0
waasperf2-3845c(config-if)#no ip address
waasperf2-3845c(config-if)#shutdown
waasperf2-3845c(config-if)#end
waasperf2-3845c#
--- 14:44:20 ---

+++ 14:44:20 waasperf2-waas config +++

--- 14:44:20 ---

+++ 14:44:20 waasperf2-3825b config +++
config terminal
Enter configuration commands, one per line.  End with CNTL/Z.
waasperf2-3825b(config)#interface Serial0/3/1
waasperf2-3825b(config-if)#ip address 220.1.1.1 255.255.255.0
waasperf2-3825b(config-if)#no shut
waasperf2-3825b(config-if)#end
waasperf2-3825b#
--- 14:44:21 ---

+++ 14:44:21 waasperf2-19a config +++
config terminal
Enter configuration commands, one per line.  End with CNTL/Z.
waasperf2-19a(config)#interface Serial0/0/1
waasperf2-19a(config-if)#ip address 220.1.1.2 255.255.255.0
waasperf2-19a(config-if)#no shut
waasperf2-19a(config-if)#end
waasperf2-19a#
--- 14:44:21 ---

+++ 14:44:21 waasperf2-19a ping +++
ping
Protocol [ip]: 
Target IP address: 220.1.1.1
Repeat count [5]: 50
Datagram size [100]: 
Timeout in seconds [2]: 
Extended commands [n]: no
Sweep range of sizes [n]: n
Type escape sequence to abort.
Sending 50, 100-byte ICMP Echos to 220.1.1.1, timeout is 2 seconds:
.!!!!!!!!!!!!!!!!!!!!!!!!!!!!!!!!!!!!!!!!!!!!!!!!!
Success rate is 98 percent (49/50), round-trip min/avg/max = 1/1/4 ms
waasperf2-19a#
--- 14:44:25 ---

+++ 14:44:25 waasperf2-3825b ping +++
ping
Protocol [ip]: 
Target IP address: 220.1.1.2
Repeat count [5]: 50
Datagram size [100]: 
Timeout in seconds [2]: 
Extended commands [n]: no
Sweep range of sizes [n]: n
Type escape sequence to abort.
Sending 50, 100-byte ICMP Echos to 220.1.1.2, timeout is 2 seconds:
!!!!!!!!!!!!!!!!!!!!!!!!!!!!!!!!!!!!!!!!!!!!!!!!!!
Success rate is 100 percent (50/50), round-trip min/avg/max = 1/1/4 ms
waasperf2-3825b#
--- 14:44:25 ---

+++ 14:44:25 waasperf2-19a config +++
config terminal
Enter configuration commands, one per line.  End with CNTL/Z.
waasperf2-19a(config)#interface Serial0/0/1
waasperf2-19a(config-if)#no ip address
waasperf2-19a(config-if)#shut
waasperf2-19a(config-if)#end
waasperf2-19a#
--- 14:44:26 ---

+++ 14:44:26 waasperf2-3825b config +++
config terminal
Enter configuration commands, one per line.  End with CNTL/Z.
waasperf2-3825b(config)#interface Serial0/3/1
waasperf2-3825b(config-if)#no ip address
waasperf2-3825b(config-if)#shut
waasperf2-3825b(config-if)#end
waasperf2-3825b#
--- 14:44:26 ---
